// Jest Snapshot v1, https://goo.gl/fbAQLP

exports[`should render header component 1`] = `
<header>
  <h1>
    Expensify
  </h1>
  <p>
    <NavLink
      activeClassName="is-active"
      ariaCurrent="true"
      to="/dashboard"
    >
      Dashboard
    </NavLink>
  </p>
  <p>
    <NavLink
      activeClassName="is-active"
      ariaCurrent="true"
      to="/create"
    >
      Create Expense
    </NavLink>
  </p>
  <button
    onClick={[Function]}
  >
    Logout
  </button>
</header>
`;
